$ vitest test/permissions.test.ts
error: script "test" was terminated by signal SIGHUP (Terminal hung up)
